Microchip MPLAB XC8 Compiler V1.38 ()

Linker command line:

-W-3 --edf=/opt/microchip/xc8/v1.38/dat/en_msgs.txt -cs \
  -h+dist/default/production/Heater.X.production.sym \
  --cmf=dist/default/production/Heater.X.production.cmf -z -Q18F2550 \
  -o/tmp/xcXnKRRqE -Mdist/default/production/Heater.X.production.map -E1 \
  -ver=XC8 -ASTACK=060h-07ffh -pstack=STACK -ACODE=00h-07FFFh \
  -ACONST=00h-07FFFh -ASMALLCONST=0800h-08FFhx120 \
  -AMEDIUMCONST=0800h-07FFFh -ACOMRAM=01h-05Fh -AABS1=00h-07FFh \
  -ABIGRAM=01h-07FFh -ARAM=060h-0FFh,0100h-01FFhx7 -ABANK0=060h-0FFh \
  -ABANK1=0100h-01FFh -ABANK2=0200h-02FFh -ABANK3=0300h-03FFh \
  -ABANK4=0400h-04FFh -ABANK5=0500h-05FFh -ABANK6=0600h-06FFh \
  -ABANK7=0700h-07FFh -ASFR=0F60h-0FFFh \
  -preset_vec=00h,intcode=08h,intcodelo=018h,powerup,init,end_init \
  -pramtop=0800h -psmallconst=SMALLCONST -pmediumconst=MEDIUMCONST \
  -pconst=CONST -AFARRAM=00h-00h -ACONFIG=0300000h-030000Dh -pconfig=CONFIG \
  -AIDLOC=0200000h-0200007h -pidloc=IDLOC -AEEDATA=0F00000h-0F000FFh \
  -peeprom_data=EEDATA \
  -prdata=COMRAM,nvrram=COMRAM,nvbit=COMRAM,rbss=COMRAM,rbit=COMRAM \
  -pfarbss=FARRAM,fardata=FARRAM,nvFARRAM=FARRAM \
  -pintsave_regs=BIGRAM,bigbss=BIGRAM,bigdata=BIGRAM -pbss=RAM \
  -pidata=CODE,irdata=CODE,ibigdata=CODE,ifardata=CODE -prparam=COMRAM \
  /tmp/xcXlxoqxT.obj dist/default/production/Heater.X.production.obj 

Object code version is 3.11

Machine type is 18F2550

Call graph: (short form)




                Name                               Link     Load   Length Selector   Space Scale
/tmp/xcXlxoqxT.obj
                end_init                             A6       A6        4        C       0
                reset_vec                             0        0        4        0       0
                idloc                            200000   200000        8   200000       0
                config                           300000   300000        E   300000       0
dist/default/production/Heater.X.production.obj
                intcodelo                            18       18       8E        C       0
                intcode                               8        8        E        4       0
                temp                                 33       33        1        1       1
                intcode_body                        12C      12C       76        C       0
                text7                               260      260        8        C       0
                text6                               258      258        8        C       0
                text5                               22E      22E       16        C       0
                text4                               1D2      1D2       28        C       0
                text3                               1FA      1FA       1E        C       0
                text2                               244      244       14        C       0
                text1                               218      218       16        C       0
                text0                                AA       AA       82        C       0
                cstackCOMRAM                          1        1       25        1       1
                dataCOMRAM                           31       31        2        1       1
                bssCOMRAM                            26       26        A        1       1
                bitbssCOMRAM                        180       30        6        1       1     8
                cinit                               1A2      1A2       30        C       0
                idataCOMRAM                         268      268        2        C       0

TOTAL           Name                               Link     Load   Length     Space
        CLASS   STACK          

        CLASS   CODE           
                end_init                             A6       A6        4         0
                intcodelo                            18       18       8E         0
                intcode                               8        8        E         0
                reset_vec                             0        0        4         0
                intcode_body                        12C      12C       76         0
                text7                               260      260        8         0
                text6                               258      258        8         0
                text5                               22E      22E       16         0
                text4                               1D2      1D2       28         0
                text3                               1FA      1FA       1E         0
                text2                               244      244       14         0
                text1                               218      218       16         0
                text0                                AA       AA       82         0
                cinit                               1A2      1A2       30         0
                idataCOMRAM                         268      268        2         0

        CLASS   CONST          

        CLASS   SMALLCONST     

        CLASS   MEDIUMCONST    

        CLASS   COMRAM         
                temp                                 33       33        1         1
                cstackCOMRAM                          1        1       25         1
                dataCOMRAM                           31       31        2         1
                bssCOMRAM                            26       26        A         1
                bitbssCOMRAM                        180       30        6         1

        CLASS   ABS1           

        CLASS   BIGRAM         

        CLASS   RAM            

        CLASS   BANK0          

        CLASS   BANK1          

        CLASS   BANK2          

        CLASS   BANK3          

        CLASS   BANK4          

        CLASS   BANK5          

        CLASS   BANK6          

        CLASS   BANK7          

        CLASS   SFR            

        CLASS   FARRAM         

        CLASS   CONFIG         
                config                           300000   300000        E         0

        CLASS   IDLOC          
                idloc                            200000   200000        8         0

        CLASS   EEDATA         



SEGMENTS        Name                           Load    Length   Top    Selector   Space  Class

                reset_vec                      000000  000004  000004         0       0  CODE    
                cstackCOMRAM                   000001  000033  000034         1       1  COMRAM  
                intcode                        000008  00000E  000016         4       0  CODE    
                intcodelo                      000018  000252  00026A         C       0  CODE    
                idloc                          200000  000008  200008    200000       0  IDLOC   
                config                         300000  00000E  30000E    300000       0  CONFIG  


UNUSED ADDRESS RANGES

        Name                Unused          Largest block    Delta
        BANK0            000060-0000FF               A0
        BANK1            000100-0001FF              100
        BANK2            000200-0002FF              100
        BANK3            000300-0003FF              100
        BANK4            000400-0004FF              100
        BANK5            000500-0005FF              100
        BANK6            000600-0006FF              100
        BANK7            000700-0007FF              100
        BIGRAM           000034-0007FF              7CC
        CODE             000004-000007                4
                         000016-000017                2
                         00026A-007FFF             7D96
        COMRAM           000034-00005F               2C
        CONST            000004-000007                4
                         000016-000017                2
                         00026A-007FFF             7D96
        EEDATA           F00000-F000FF              100
        MEDIUMCONST      000800-007FFF             7800
        RAM              000060-0007FF              100
        SFR              000F60-000FFF               A0
        SMALLCONST       000800-007FFF              100
        STACK            000060-0007FF              7A0

                                  Symbol Table

_ACQT0                   (abs)        007E03
_ACQT1                   (abs)        007E04
_ACQT2                   (abs)        007E05
_ADCS0                   (abs)        007E00
_ADCS1                   (abs)        007E01
_ADCS2                   (abs)        007E02
_ADIE                    (abs)        007CEE
_ADIF                    (abs)        007CF6
_ADIP                    (abs)        007CFE
_ADON                    (abs)        007E10
_CHS0                    (abs)        007E12
_CHS1                    (abs)        007E13
_CHS2                    (abs)        007E14
_CHS3                    (abs)        007E15
_GIEH                    (abs)        007F97
_GIEL                    (abs)        007F96
_IPEN                    (abs)        007E87
_ISR_high                intcode      000008
_ISR_low                 intcodelo    000018
_LATA3                   (abs)        007C4B
_LATA4                   (abs)        007C4C
_LATA5                   (abs)        007C4D
_PCFG0                   (abs)        007E08
_PCFG1                   (abs)        007E09
_PCFG2                   (abs)        007E0A
_PCFG3                   (abs)        007E0B
_PORTB                   (abs)        000F81
_PSA                     (abs)        007EAB
_T08BIT                  (abs)        007EAE
_T0CS                    (abs)        007EAD
_T0IE                    (abs)        007F95
_T0IF                    (abs)        007F92
_T0IP                    (abs)        007F8A
_T0PS0                   (abs)        007EA8
_T0PS1                   (abs)        007EA9
_T0PS2                   (abs)        007EAA
_T1CKPS0                 (abs)        007E6C
_T1CKPS1                 (abs)        007E6D
_T1RD16                  (abs)        007E6F
_T1RUN                   (abs)        007E6E
_TMR0                    (abs)        000FD6
_TMR0IE                  (abs)        007F95
_TMR0IF                  (abs)        007F92
_TMR0ON                  (abs)        007EAF
_TMR1CS                  (abs)        007E69
_TMR1IE                  (abs)        007CE8
_TMR1IF                  (abs)        007CF0
_TMR1IP                  (abs)        007CF8
_TMR1ON                  (abs)        007E68
_TRISA0                  (abs)        007C90
_TRISA3                  (abs)        007C93
_TRISA4                  (abs)        007C94
_TRISA5                  (abs)        007C95
_TRISB                   (abs)        000F93
__CFG_DEBUG$ON           (abs)        000000
__CFG_FOSC$INTOSCIO_EC   (abs)        000000
__CFG_LPT1OSC$OFF        (abs)        000000
__CFG_MCLRE$ON           (abs)        000000
__CFG_PBADEN$OFF         (abs)        000000
__CFG_PWRT$OFF           (abs)        000000
__CFG_WDT$OFF            (abs)        000000
__HRAM                   (abs)        000000
__Habs1                  abs1         000000
__Hbank0                 bank0        000000
__Hbank1                 bank1        000000
__Hbank2                 bank2        000000
__Hbank3                 bank3        000000
__Hbank4                 bank4        000000
__Hbank5                 bank5        000000
__Hbank6                 bank6        000000
__Hbank7                 bank7        000000
__Hbigbss                bigbss       000000
__Hbigdata               bigdata      000000
__Hbigram                bigram       000000
__HbitbssCOMRAM          bitbssCOMRAM 000000
__Hbss                   bss          000000
__HbssCOMRAM             bssCOMRAM    000000
__Hcinit                 cinit        000000
__Hclrtext               clrtext      000000
__Hcomram                comram       000000
__Hconfig                config       30000E
__Hconst                 const        000000
__HcstackCOMRAM          cstackCOMRAM 000000
__Hdata                  data         000000
__HdataCOMRAM            dataCOMRAM   000000
__Heeprom_data           eeprom_data  000000
__Hend_init              end_init     0000AA
__Hfarbss                farbss       000000
__Hfardata               fardata      000000
__Hibigdata              ibigdata     000000
__Hidata                 idata        000000
__HidataCOMRAM           idataCOMRAM  000000
__Hidloc                 idloc        200008
__Hifardata              ifardata     000000
__Hinit                  init         0000A6
__Hintcode               intcode      000016
__Hintcode_body          intcode_body 000000
__Hintcodelo             intcodelo    0000A6
__Hintentry              intentry     000000
__Hintret                intret       000000
__Hintsave_regs          intsave_regs 000000
__Hirdata                irdata       000000
__Hmediumconst           mediumconst  000000
__HnvFARRAM              nvFARRAM     000000
__Hnvbit                 nvbit        000000
__Hnvrram                nvrram       000000
__Hparam                 rparam       000000
__Hpowerup               powerup      0000A6
__Hram                   ram          000000
__Hramtop                ramtop       000800
__Hrbit                  rbit         000000
__Hrbss                  rbss         000000
__Hrdata                 rdata        000000
__Hreset_vec             reset_vec    000004
__Hrparam                rparam       000000
__Hsfr                   sfr          000000
__Hsmallconst            smallconst   000000
__Hspace_0               (abs)        30000E
__Hspace_1               (abs)        000186
__Hspace_2               (abs)        000000
__Hstack                 stack        000000
__Hstruct                struct       000000
__Htemp                  temp         000034
__Htext                  text         000000
__Htext0                 text0        000000
__Htext1                 text1        000000
__Htext2                 text2        000000
__Htext3                 text3        000000
__Htext4                 text4        000000
__Htext5                 text5        000000
__Htext6                 text6        000000
__Htext7                 text7        000000
__LRAM                   (abs)        000001
__Labs1                  abs1         000000
__Lbank0                 bank0        000000
__Lbank1                 bank1        000000
__Lbank2                 bank2        000000
__Lbank3                 bank3        000000
__Lbank4                 bank4        000000
__Lbank5                 bank5        000000
__Lbank6                 bank6        000000
__Lbank7                 bank7        000000
__Lbigbss                bigbss       000000
__Lbigdata               bigdata      000000
__Lbigram                bigram       000000
__LbitbssCOMRAM          bitbssCOMRAM 000000
__Lbss                   bss          000000
__LbssCOMRAM             bssCOMRAM    000000
__Lcinit                 cinit        000000
__Lclrtext               clrtext      000000
__Lcomram                comram       000000
__Lconfig                config       300000
__Lconst                 const        000000
__LcstackCOMRAM          cstackCOMRAM 000000
__Ldata                  data         000000
__LdataCOMRAM            dataCOMRAM   000000
__Leeprom_data           eeprom_data  000000
__Lend_init              end_init     0000A6
__Lfarbss                farbss       000000
__Lfardata               fardata      000000
__Libigdata              ibigdata     000000
__Lidata                 idata        000000
__LidataCOMRAM           idataCOMRAM  000000
__Lidloc                 idloc        200000
__Lifardata              ifardata     000000
__Linit                  init         0000A6
__Lintcode               intcode      000008
__Lintcode_body          intcode_body 000000
__Lintcodelo             intcodelo    000018
__Lintentry              intentry     000000
__Lintret                intret       000000
__Lintsave_regs          intsave_regs 000000
__Lirdata                irdata       000000
__Lmediumconst           mediumconst  000000
__LnvFARRAM              nvFARRAM     000000
__Lnvbit                 nvbit        000000
__Lnvrram                nvrram       000000
__Lparam                 rparam       000000
__Lpowerup               powerup      0000A6
__Lram                   ram          000000
__Lramtop                ramtop       000800
__Lrbit                  rbit         000000
__Lrbss                  rbss         000000
__Lrdata                 rdata        000000
__Lreset_vec             reset_vec    000000
__Lrparam                rparam       000000
__Lsfr                   sfr          000000
__Lsmallconst            smallconst   000000
__Lspace_0               (abs)        000000
__Lspace_1               (abs)        000000
__Lspace_2               (abs)        000000
__Lstack                 stack        000000
__Lstruct                struct       000000
__Ltemp                  temp         000033
__Ltext                  text         000000
__Ltext0                 text0        000000
__Ltext1                 text1        000000
__Ltext2                 text2        000000
__Ltext3                 text3        000000
__Ltext4                 text4        000000
__Ltext5                 text5        000000
__Ltext6                 text6        000000
__Ltext7                 text7        000000
__S0                     (abs)        30000E
__S1                     (abs)        000034
__S2                     (abs)        000000
___inthi_sp              stack        000000
___intlo_sp              stack        000000
___param_bank            (abs)        000010
___rparam_used           (abs)        000001
___sp                    stack        000000
__accesstop              (abs)        000060
__activetblptr           (abs)        000000
__end_of_ISR_high        intcode_body 0001A2
__end_of_ISR_low         intcodelo    0000A6
__end_of__initialization cinit        0001C8
__end_of_main            text0        00012C
__end_of_sample_inputs   text7        000268
__end_of_set_LEDs        text6        000260
__end_of_set_disp        text5        000244
__end_of_setup           text1        00022E
__end_of_setup_therm     text4        0001FA
__end_of_setup_timer0    text3        000218
__end_of_setup_timer1    text2        000258
__initialization         cinit        0001A2
__mediumconst            mediumconst  000000
__pbitbssCOMRAM          bitbssCOMRAM 000180
__pbssCOMRAM             bssCOMRAM    000026
__pcinit                 cinit        0001A2
__pcstackCOMRAM          cstackCOMRAM 000001
__pdataCOMRAM            dataCOMRAM   000031
__pidataCOMRAM           idataCOMRAM  000268
__pintcode               intcode      000008
__pintcode_body          intcode_body 00012C
__pintcodelo             intcodelo    000018
__ptext0                 text0        0000AA
__ptext1                 text1        000218
__ptext2                 text2        000244
__ptext3                 text3        0001FA
__ptext4                 text4        0001D2
__ptext5                 text5        00022E
__ptext6                 text6        000258
__ptext7                 text7        000260
__ramtop                 ramtop       000800
__size_of_ISR_high       (abs)        000000
__size_of_ISR_low        (abs)        000000
__size_of_main           (abs)        000000
__size_of_sample_inputs  (abs)        000000
__size_of_set_LEDs       (abs)        000000
__size_of_set_disp       (abs)        000000
__size_of_setup          (abs)        000000
__size_of_setup_therm    (abs)        000000
__size_of_setup_timer0   (abs)        000000
__size_of_setup_timer1   (abs)        000000
__smallconst             smallconst   000000
_high_hour               bssCOMRAM    000029
_high_temp               bssCOMRAM    00002A
_hour_cur                bssCOMRAM    00002B
_low_hour                bssCOMRAM    00002C
_low_temp                bssCOMRAM    00002D
_main                    text0        0000AA
_main$128                cstackCOMRAM 000022
_nRBPU                   (abs)        007F8F
_sample_inputs           text7        000260
_set_LEDs                text6        000258
_set_disp                text5        00022E
_setup                   text1        000218
_setup_therm             text4        0001D2
_setup_timer0            text3        0001FA
_setup_timer1            text2        000244
_temp_cur                bssCOMRAM    000026
_temp_want               bssCOMRAM    00002F
btemp                    temp         000033
end_of_initialization    cinit        0001C8
int$flags                temp         000033
int_func                 intcode_body 00012C
intlevel0                text         000000
intlevel1                text         000000
intlevel2                text         000000
intlevel3                text         000000
main@cur_number          dataCOMRAM   000031
main@disp_digit_mask     cstackCOMRAM 000021
main@fan_bool            bitbssCOMRAM 000180
main@high_bool           bitbssCOMRAM 000181
main@ins                 cstackCOMRAM 000025
main@low_bool            bitbssCOMRAM 000182
main@mask_leds           cstackCOMRAM 000024
main@power_bool          bitbssCOMRAM 000183
main@state               bssCOMRAM    00002E
main@timer_bool          bitbssCOMRAM 000184
main@unit                bitbssCOMRAM 000185
set_disp@digit_mask      cstackCOMRAM 000020
stackhi                  (abs)        0007FF
stacklo                  (abs)        000060
start                    init         0000A6
start_initialization     cinit        0001A2


FUNCTION INFORMATION:

 *************** function _main *****************
 Defined at:
		line 35 in file "main.c"
 Parameters:    Size  Location     Type
		None
 Auto vars:     Size  Location     Type
  ins             1   36[COMRAM] unsigned char 
  mask_leds       1   35[COMRAM] unsigned char 
  disp_digit_m    1   32[COMRAM] unsigned char 
  mode_cur        1    0        unsigned char 
 Return value:  Size  Location     Type
                  1    wreg      void 
 Registers used:
		wreg, fsr2l, fsr2h, status,2, status,0, cstack
 Tracked objects:
		On entry : 
		On exit  : 
		Unchanged: 
 Data sizes:     COMRAM   BANK0   BANK1   BANK2   BANK3   BANK4   BANK5   BANK6   BANK7
      Params:         0       0       0       0       0       0       0       0       0
      Locals:         5       0       0       0       0       0       0       0       0
      Temps:          0       0       0       0       0       0       0       0       0
      Totals:         5       0       0       0       0       0       0       0       0
Total ram usage:        5 bytes
 Hardware stack levels required when called:    4
 This function calls:
		_sample_inputs
		_set_LEDs
		_set_disp
		_setup
 This function is called by:
		Startup code after reset
 This function uses a non-reentrant model


 *************** function _setup *****************
 Defined at:
		line 70 in file "main.c"
 Parameters:    Size  Location     Type
		None
 Auto vars:     Size  Location     Type
		None
 Return value:  Size  Location     Type
                  1    wreg      void 
 Registers used:
		wreg, status,2, cstack
 Tracked objects:
		On entry : 
		On exit  : 
		Unchanged: 
 Data sizes:     COMRAM   BANK0   BANK1   BANK2   BANK3   BANK4   BANK5   BANK6   BANK7
      Params:         0       0       0       0       0       0       0       0       0
      Locals:         0       0       0       0       0       0       0       0       0
      Temps:          0       0       0       0       0       0       0       0       0
      Totals:         0       0       0       0       0       0       0       0       0
Total ram usage:        0 bytes
 Hardware stack levels used:    1
 Hardware stack levels required when called:    3
 This function calls:
		_setup_therm
		_setup_timer0
		_setup_timer1
 This function is called by:
		_main
 This function uses a non-reentrant model


 *************** function _setup_timer1 *****************
 Defined at:
		line 134 in file "main.c"
 Parameters:    Size  Location     Type
		None
 Auto vars:     Size  Location     Type
		None
 Return value:  Size  Location     Type
                  1    wreg      void 
 Registers used:
		None
 Tracked objects:
		On entry : 
		On exit  : 
		Unchanged: 
 Data sizes:     COMRAM   BANK0   BANK1   BANK2   BANK3   BANK4   BANK5   BANK6   BANK7
      Params:         0       0       0       0       0       0       0       0       0
      Locals:         0       0       0       0       0       0       0       0       0
      Temps:          0       0       0       0       0       0       0       0       0
      Totals:         0       0       0       0       0       0       0       0       0
Total ram usage:        0 bytes
 Hardware stack levels used:    1
 Hardware stack levels required when called:    2
 This function calls:
		Nothing
 This function is called by:
		_setup
 This function uses a non-reentrant model


 *************** function _setup_timer0 *****************
 Defined at:
		line 114 in file "main.c"
 Parameters:    Size  Location     Type
		None
 Auto vars:     Size  Location     Type
		None
 Return value:  Size  Location     Type
                  1    wreg      void 
 Registers used:
		wreg, status,2
 Tracked objects:
		On entry : 
		On exit  : 
		Unchanged: 
 Data sizes:     COMRAM   BANK0   BANK1   BANK2   BANK3   BANK4   BANK5   BANK6   BANK7
      Params:         0       0       0       0       0       0       0       0       0
      Locals:         0       0       0       0       0       0       0       0       0
      Temps:          0       0       0       0       0       0       0       0       0
      Totals:         0       0       0       0       0       0       0       0       0
Total ram usage:        0 bytes
 Hardware stack levels used:    1
 Hardware stack levels required when called:    2
 This function calls:
		Nothing
 This function is called by:
		_setup
 This function uses a non-reentrant model


 *************** function _setup_therm *****************
 Defined at:
		line 90 in file "main.c"
 Parameters:    Size  Location     Type
		None
 Auto vars:     Size  Location     Type
		None
 Return value:  Size  Location     Type
                  1    wreg      void 
 Registers used:
		None
 Tracked objects:
		On entry : 
		On exit  : 
		Unchanged: 
 Data sizes:     COMRAM   BANK0   BANK1   BANK2   BANK3   BANK4   BANK5   BANK6   BANK7
      Params:         0       0       0       0       0       0       0       0       0
      Locals:         0       0       0       0       0       0       0       0       0
      Temps:          0       0       0       0       0       0       0       0       0
      Totals:         0       0       0       0       0       0       0       0       0
Total ram usage:        0 bytes
 Hardware stack levels used:    1
 Hardware stack levels required when called:    2
 This function calls:
		Nothing
 This function is called by:
		_setup
 This function uses a non-reentrant model


 *************** function _set_disp *****************
 Defined at:
		line 165 in file "main.c"
 Parameters:    Size  Location     Type
  num             1    wreg     unsigned char 
  digit_mask      1   31[COMRAM] unsigned char 
 Auto vars:     Size  Location     Type
  num             1    0[COMRAM] unsigned char 
 Return value:  Size  Location     Type
                  1    wreg      void 
 Registers used:
		wreg
 Tracked objects:
		On entry : 
		On exit  : 
		Unchanged: 
 Data sizes:     COMRAM   BANK0   BANK1   BANK2   BANK3   BANK4   BANK5   BANK6   BANK7
      Params:         1       0       0       0       0       0       0       0       0
      Locals:         0       0       0       0       0       0       0       0       0
      Temps:          0       0       0       0       0       0       0       0       0
      Totals:         1       0       0       0       0       0       0       0       0
Total ram usage:        1 bytes
 Hardware stack levels used:    1
 Hardware stack levels required when called:    2
 This function calls:
		Nothing
 This function is called by:
		_main
 This function uses a non-reentrant model


 *************** function _set_LEDs *****************
 Defined at:
		line 158 in file "main.c"
 Parameters:    Size  Location     Type
  mask            1    wreg     unsigned char 
 Auto vars:     Size  Location     Type
  mask            1    0[COMRAM] unsigned char 
 Return value:  Size  Location     Type
                  1    wreg      void 
 Registers used:
		wreg
 Tracked objects:
		On entry : 
		On exit  : 
		Unchanged: 
 Data sizes:     COMRAM   BANK0   BANK1   BANK2   BANK3   BANK4   BANK5   BANK6   BANK7
      Params:         0       0       0       0       0       0       0       0       0
      Locals:         0       0       0       0       0       0       0       0       0
      Temps:          0       0       0       0       0       0       0       0       0
      Totals:         0       0       0       0       0       0       0       0       0
Total ram usage:        0 bytes
 Hardware stack levels used:    1
 Hardware stack levels required when called:    2
 This function calls:
		Nothing
 This function is called by:
		_main
 This function uses a non-reentrant model


 *************** function _sample_inputs *****************
 Defined at:
		line 151 in file "main.c"
 Parameters:    Size  Location     Type
		None
 Auto vars:     Size  Location     Type
		None
 Return value:  Size  Location     Type
                  1    wreg      unsigned char 
 Registers used:
		wreg, status,2
 Tracked objects:
		On entry : 
		On exit  : 
		Unchanged: 
 Data sizes:     COMRAM   BANK0   BANK1   BANK2   BANK3   BANK4   BANK5   BANK6   BANK7
      Params:         0       0       0       0       0       0       0       0       0
      Locals:         0       0       0       0       0       0       0       0       0
      Temps:          0       0       0       0       0       0       0       0       0
      Totals:         0       0       0       0       0       0       0       0       0
Total ram usage:        0 bytes
 Hardware stack levels used:    1
 Hardware stack levels required when called:    2
 This function calls:
		Nothing
 This function is called by:
		_main
 This function uses a non-reentrant model


 *************** function _ISR_low *****************
 Defined at:
		line 185 in file "main.c"
 Parameters:    Size  Location     Type
		None
 Auto vars:     Size  Location     Type
		None
 Return value:  Size  Location     Type
                  1    wreg      void 
 Registers used:
		None
 Tracked objects:
		On entry : 
		On exit  : 
		Unchanged: 
 Data sizes:     COMRAM   BANK0   BANK1   BANK2   BANK3   BANK4   BANK5   BANK6   BANK7
      Params:         0       0       0       0       0       0       0       0       0
      Locals:         0       0       0       0       0       0       0       0       0
      Temps:         17       0       0       0       0       0       0       0       0
      Totals:        17       0       0       0       0       0       0       0       0
Total ram usage:       17 bytes
 Hardware stack levels used:    1
 Hardware stack levels required when called:    1
 This function calls:
		Nothing
 This function is called by:
		Interrupt level 1
 This function uses a non-reentrant model


 *************** function _ISR_high *****************
 Defined at:
		line 176 in file "main.c"
 Parameters:    Size  Location     Type
		None
 Auto vars:     Size  Location     Type
		None
 Return value:  Size  Location     Type
                  1    wreg      void 
 Registers used:
		None
 Tracked objects:
		On entry : 
		On exit  : 
		Unchanged: 
 Data sizes:     COMRAM   BANK0   BANK1   BANK2   BANK3   BANK4   BANK5   BANK6   BANK7
      Params:         0       0       0       0       0       0       0       0       0
      Locals:         0       0       0       0       0       0       0       0       0
      Temps:         14       0       0       0       0       0       0       0       0
      Totals:        14       0       0       0       0       0       0       0       0
Total ram usage:       14 bytes
 Hardware stack levels used:    1
 This function calls:
		Nothing
 This function is called by:
		Interrupt level 2
 This function uses a non-reentrant model



MODULE INFORMATION

Module		Function		Class		Link	Load	Size
shared
		__initialization		CODE           	01A2	0000	39

shared estimated size: 39

main.c
		_set_disp      		CODE           	022E	0000	23
		_ISR_high      		CODE           	0008	0000	133
		_set_LEDs      		CODE           	0258	0000	9
		_main          		CODE           	00AA	0000	131
		_setup_therm   		CODE           	01D2	0000	41
		_setup_timer0  		CODE           	01FA	0000	31
		_setup_timer1  		CODE           	0244	0000	21
		_sample_inputs 		CODE           	0260	0000	9
		_setup         		CODE           	0218	0000	23
		_ISR_low       		CODE           	0018	0000	143

main.c estimated size: 564

