Microchip MPLAB XC8 Compiler V1.38 ()

Linker command line:

-W-3 --edf=/opt/microchip/xc8/v1.38/dat/en_msgs.txt -cs \
  -h+dist/default/production/Heater.X.production.sym \
  --cmf=dist/default/production/Heater.X.production.cmf -z -Q18F2550 \
  -o/tmp/xcX1xlxts -Mdist/default/production/Heater.X.production.map -E1 \
  -ver=XC8 -ASTACK=099h-07ffh -pstack=STACK -ACODE=00h-07FFFh \
  -ACONST=00h-07FFFh -ASMALLCONST=0800h-08FFhx120 \
  -AMEDIUMCONST=0800h-07FFFh -ACOMRAM=01h-05Fh -AABS1=00h-07FFh \
  -ABIGRAM=01h-07FFh -ARAM=060h-0FFh,0100h-01FFhx7 -ABANK0=060h-0FFh \
  -ABANK1=0100h-01FFh -ABANK2=0200h-02FFh -ABANK3=0300h-03FFh \
  -ABANK4=0400h-04FFh -ABANK5=0500h-05FFh -ABANK6=0600h-06FFh \
  -ABANK7=0700h-07FFh -ASFR=0F60h-0FFFh \
  -preset_vec=00h,intcode=08h,intcodelo=018h,powerup,init,end_init \
  -pramtop=0800h -psmallconst=SMALLCONST -pmediumconst=MEDIUMCONST \
  -pconst=CONST -AFARRAM=00h-00h -ACONFIG=0300000h-030000Dh -pconfig=CONFIG \
  -AIDLOC=0200000h-0200007h -pidloc=IDLOC -AEEDATA=0F00000h-0F000FFh \
  -peeprom_data=EEDATA \
  -prdata=COMRAM,nvrram=COMRAM,nvbit=COMRAM,rbss=COMRAM,rbit=COMRAM \
  -pfarbss=FARRAM,fardata=FARRAM,nvFARRAM=FARRAM \
  -pintsave_regs=BIGRAM,bigbss=BIGRAM,bigdata=BIGRAM -pbss=RAM \
  -pidata=CODE,irdata=CODE,ibigdata=CODE,ifardata=CODE -prparam=COMRAM \
  /tmp/xcXch0rnO.obj dist/default/production/Heater.X.production.obj 

Object code version is 3.11

Machine type is 18F2550

Call graph: (short form)




                Name                               Link     Load   Length Selector   Space Scale
/tmp/xcXch0rnO.obj
                end_init                            396      396        4        C       0
                reset_vec                             0        0        4        0       0
                idloc                            200000   200000        8   200000       0
                config                           300000   300000        E   300000       0
dist/default/production/Heater.X.production.obj
                intcodelo                            18       18      37E        C       0
                intcode                               8        8        E        4       0
                temp                                 44       44        1        1       1
                smallconst                          800      800        C      400       0
                text21                              CB2      CB2       AC      406       0
                intcode_body                        BF8      BF8       BA      406       0
                text19                              A64      A64       CC      406       0
                text18                             10CA     10CA        2      406       0
                text17                             10BC     10BC        C      406       0
                text16                             10AA     10AA       12      406       0
                text15                              E5A      E5A       66      406       0
                text13                              B30      B30       C8      406       0
                text12                              D5E      D5E       80      406       0
                text11                              DDE      DDE       7C      406       0
                text10                              F98      F98       38      406       0
                text9                               958      958      10C      406       0
                text8                               80C      80C      14C      406       0
                text7                               FFE      FFE       2A      406       0
                text6                               EC0      EC0       4E      406       0
                text5                              1028     1028       28      406       0
                text4                              108C     108C       1E      406       0
                text3                              106E     106E       1E      406       0
                text2                              1050     1050       1E      406       0
                text1                               FD0      FD0       2E      406       0
                text0                               F0E      F0E       4A      406       0
                cstackCOMRAM                          1        1       3C        1       1
                cstackBANK0                          60       60       2C       60       1
                dataBANK0                            97       97        2       60       1
                bssBANK0                             8C       8C        B       60       1
                bssCOMRAM                            3D       3D        6        1       1
                bitbssCOMRAM                        218       43        4        1       1     8
                cinit                               F58      F58       40      406       0
                idataBANK0                         10C8     10C8        2      406       0

TOTAL           Name                               Link     Load   Length     Space
        CLASS   STACK          

        CLASS   CODE           
                end_init                            396      396        4         0
                intcodelo                            18       18      37E         0
                intcode                               8        8        E         0
                reset_vec                             0        0        4         0
                text21                              CB2      CB2       AC         0
                intcode_body                        BF8      BF8       BA         0
                text19                              A64      A64       CC         0
                text18                             10CA     10CA        2         0
                text17                             10BC     10BC        C         0
                text16                             10AA     10AA       12         0
                text15                              E5A      E5A       66         0
                text13                              B30      B30       C8         0
                text12                              D5E      D5E       80         0
                text11                              DDE      DDE       7C         0
                text10                              F98      F98       38         0
                text9                               958      958      10C         0
                text8                               80C      80C      14C         0
                text7                               FFE      FFE       2A         0
                text6                               EC0      EC0       4E         0
                text5                              1028     1028       28         0
                text4                              108C     108C       1E         0
                text3                              106E     106E       1E         0
                text2                              1050     1050       1E         0
                text1                               FD0      FD0       2E         0
                text0                               F0E      F0E       4A         0
                cinit                               F58      F58       40         0
                idataBANK0                         10C8     10C8        2         0

        CLASS   CONST          

        CLASS   SMALLCONST     
                smallconst                          800      800        C         0

        CLASS   MEDIUMCONST    

        CLASS   COMRAM         
                temp                                 44       44        1         1
                cstackCOMRAM                          1        1       3C         1
                bssCOMRAM                            3D       3D        6         1
                bitbssCOMRAM                        218       43        4         1

        CLASS   ABS1           

        CLASS   BIGRAM         

        CLASS   RAM            

        CLASS   BANK0          
                cstackBANK0                          60       60       2C         1
                dataBANK0                            97       97        2         1
                bssBANK0                             8C       8C        B         1

        CLASS   BANK1          

        CLASS   BANK2          

        CLASS   BANK3          

        CLASS   BANK4          

        CLASS   BANK5          

        CLASS   BANK6          

        CLASS   BANK7          

        CLASS   SFR            

        CLASS   FARRAM         

        CLASS   CONFIG         
                config                           300000   300000        E         0

        CLASS   IDLOC          
                idloc                            200000   200000        8         0

        CLASS   EEDATA         



SEGMENTS        Name                           Load    Length   Top    Selector   Space  Class

                reset_vec                      000000  000004  000004         0       0  CODE    
                cstackCOMRAM                   000001  000044  000045         1       1  COMRAM  
                intcode                        000008  00000E  000016         4       0  CODE    
                intcodelo                      000018  000382  00039A         C       0  CODE    
                cstackBANK0                    000060  000039  000099        60       1  BANK0   
                smallconst                     000800  00000C  00080C       400       0  SMALLCON
                text8                          00080C  0008C0  0010CC       406       0  CODE    
                idloc                          200000  000008  200008    200000       0  IDLOC   
                config                         300000  00000E  30000E    300000       0  CONFIG  


UNUSED ADDRESS RANGES

        Name                Unused          Largest block    Delta
        BANK0            000099-0000FF               67
        BANK1            000100-0001FF              100
        BANK2            000200-0002FF              100
        BANK3            000300-0003FF              100
        BANK4            000400-0004FF              100
        BANK5            000500-0005FF              100
        BANK6            000600-0006FF              100
        BANK7            000700-0007FF              100
        BIGRAM           000045-00005F               1B
                         000099-0007FF              767
        CODE             000004-000007                4
                         000016-000017                2
                         00039A-0007FF              466
                         0010CC-007FFF             6F34
        COMRAM           000045-00005F               1B
        CONST            000004-000007                4
                         000016-000017                2
                         00039A-0007FF              466
                         0010CC-007FFF             6F34
        EEDATA           F00000-F000FF              100
        MEDIUMCONST      0010CC-007FFF             6F34
        RAM              000099-0007FF              100
        SFR              000F60-000FFF               A0
        SMALLCONST       0010CC-007FFF              100
        STACK            000099-0007FF              767

                                  Symbol Table

?___aldiv                cstackCOMRAM 000019
?___almod                cstackCOMRAM 000001
?___ftdiv                cstackBANK0  000077
?___ftpack               cstackBANK0  00006C
?___lwtoft               cstackBANK0  000074
?_get_temp               cstackBANK0  000086
ISR_low@cur              cstackBANK0  000064
ISR_low@ins              cstackBANK0  00006B
ISR_low@ins_prev         bssBANK0     000091
ISR_low@mask_leds        cstackBANK0  000065
_ACQT0                   (abs)        007E03
_ACQT1                   (abs)        007E04
_ACQT2                   (abs)        007E05
_ADCS0                   (abs)        007E00
_ADCS1                   (abs)        007E01
_ADCS2                   (abs)        007E02
_ADIE                    (abs)        007CEE
_ADIF                    (abs)        007CF6
_ADIP                    (abs)        007CFE
_ADON                    (abs)        007E10
_ADRES                   (abs)        000FC3
_CHS0                    (abs)        007E12
_CHS1                    (abs)        007E13
_CHS2                    (abs)        007E14
_CHS3                    (abs)        007E15
_GIEH                    (abs)        007F97
_GIEL                    (abs)        007F96
_GO                      (abs)        007E11
_INTSRC                  (abs)        007CDF
_IPEN                    (abs)        007E87
_IRCF0                   (abs)        007E9C
_IRCF1                   (abs)        007E9D
_IRCF2                   (abs)        007E9E
_ISR_high                intcode      000008
_ISR_low                 intcodelo    000018
_ISR_low$207             cstackBANK0  000067
_ISR_low$209             cstackBANK0  000069
_ISR_low$210             cstackBANK0  000060
_ISR_low$211             cstackBANK0  000062
_ISR_low$212             cstackBANK0  000066
_LATA3                   (abs)        007C4B
_LATA4                   (abs)        007C4C
_LATA5                   (abs)        007C4D
_LATB                    (abs)        000F8A
_LATB0                   (abs)        007C50
_LATB1                   (abs)        007C51
_LATB2                   (abs)        007C52
_LATB3                   (abs)        007C53
_LATB4                   (abs)        007C54
_LATB5                   (abs)        007C55
_LATB6                   (abs)        007C56
_LATC0                   (abs)        007C58
_LATC1                   (abs)        007C59
_PCFG0                   (abs)        007E08
_PCFG1                   (abs)        007E09
_PCFG2                   (abs)        007E0A
_PCFG3                   (abs)        007E0B
_PORTB                   (abs)        000F81
_PR2                     (abs)        000FCB
_PSA                     (abs)        007EAB
_SCS0                    (abs)        007E98
_SCS1                    (abs)        007E99
_T08BIT                  (abs)        007EAE
_T0CS                    (abs)        007EAD
_T0IE                    (abs)        007F95
_T0IF                    (abs)        007F92
_T0IP                    (abs)        007F8A
_T0PS0                   (abs)        007EA8
_T0PS1                   (abs)        007EA9
_T0PS2                   (abs)        007EAA
_T1CKPS0                 (abs)        007E6C
_T1CKPS1                 (abs)        007E6D
_T1RD16                  (abs)        007E6F
_T1RUN                   (abs)        007E6E
_T2CKPS0                 (abs)        007E50
_T2CKPS1                 (abs)        007E51
_T2OUTPS0                (abs)        007E53
_T2OUTPS1                (abs)        007E54
_T2OUTPS2                (abs)        007E55
_T2OUTPS3                (abs)        007E56
_TMR0                    (abs)        000FD6
_TMR0IE                  (abs)        007F95
_TMR0IF                  (abs)        007F92
_TMR0ON                  (abs)        007EAF
_TMR1                    (abs)        000FCE
_TMR1CS                  (abs)        007E69
_TMR1IE                  (abs)        007CE8
_TMR1IF                  (abs)        007CF0
_TMR1IP                  (abs)        007CF8
_TMR1ON                  (abs)        007E68
_TMR2                    (abs)        000FCC
_TMR2IE                  (abs)        007CE9
_TMR2IF                  (abs)        007CF1
_TMR2IP                  (abs)        007CF9
_TMR2ON                  (abs)        007E52
_TRISA0                  (abs)        007C90
_TRISA2                  (abs)        007C92
_TRISA3                  (abs)        007C93
_TRISA4                  (abs)        007C94
_TRISA5                  (abs)        007C95
_TRISB                   (abs)        000F93
__CFG_DEBUG$ON           (abs)        000000
__CFG_FOSC$INTOSCIO_EC   (abs)        000000
__CFG_LPT1OSC$OFF        (abs)        000000
__CFG_MCLRE$ON           (abs)        000000
__CFG_PBADEN$ON          (abs)        000000
__CFG_PWRT$OFF           (abs)        000000
__CFG_WDT$OFF            (abs)        000000
__HRAM                   (abs)        000000
__Habs1                  abs1         000000
__Hbank0                 bank0        000000
__Hbank1                 bank1        000000
__Hbank2                 bank2        000000
__Hbank3                 bank3        000000
__Hbank4                 bank4        000000
__Hbank5                 bank5        000000
__Hbank6                 bank6        000000
__Hbank7                 bank7        000000
__Hbigbss                bigbss       000000
__Hbigdata               bigdata      000000
__Hbigram                bigram       000000
__HbitbssCOMRAM          bitbssCOMRAM 000000
__Hbss                   bss          000000
__HbssBANK0              bssBANK0     000000
__HbssCOMRAM             bssCOMRAM    000000
__Hcinit                 cinit        000000
__Hclrtext               clrtext      000000
__Hcomram                comram       000000
__Hconfig                config       30000E
__Hconst                 const        000000
__HcstackBANK0           cstackBANK0  000000
__HcstackCOMRAM          cstackCOMRAM 000000
__Hdata                  data         000000
__HdataBANK0             dataBANK0    000000
__Heeprom_data           eeprom_data  000000
__Hend_init              end_init     00039A
__Hfarbss                farbss       000000
__Hfardata               fardata      000000
__Hibigdata              ibigdata     000000
__Hidata                 idata        000000
__HidataBANK0            idataBANK0   000000
__Hidloc                 idloc        200008
__Hifardata              ifardata     000000
__Hinit                  init         000396
__Hintcode               intcode      000016
__Hintcode_body          intcode_body 000000
__Hintcodelo             intcodelo    000396
__Hintentry              intentry     000000
__Hintret                intret       000000
__Hintsave_regs          intsave_regs 000000
__Hirdata                irdata       000000
__Hmediumconst           mediumconst  000000
__HnvFARRAM              nvFARRAM     000000
__Hnvbit                 nvbit        000000
__Hnvrram                nvrram       000000
__Hparam                 rparam       000000
__Hpowerup               powerup      000396
__Hram                   ram          000000
__Hramtop                ramtop       000800
__Hrbit                  rbit         000000
__Hrbss                  rbss         000000
__Hrdata                 rdata        000000
__Hreset_vec             reset_vec    000004
__Hrparam                rparam       000000
__Hsfr                   sfr          000000
__Hsmallconst            smallconst   00080C
__Hspace_0               (abs)        30000E
__Hspace_1               (abs)        00021C
__Hspace_2               (abs)        000000
__Hstack                 stack        000000
__Hstruct                struct       000000
__Htemp                  temp         000045
__Htext                  text         000000
__Htext0                 text0        000000
__Htext1                 text1        000000
__Htext10                text10       000000
__Htext11                text11       000000
__Htext12                text12       000000
__Htext13                text13       000000
__Htext15                text15       000000
__Htext16                text16       000000
__Htext17                text17       000000
__Htext18                text18       000000
__Htext19                text19       000000
__Htext2                 text2        000000
__Htext21                text21       000000
__Htext3                 text3        000000
__Htext4                 text4        000000
__Htext5                 text5        000000
__Htext6                 text6        000000
__Htext7                 text7        000000
__Htext8                 text8        000000
__Htext9                 text9        000000
__LRAM                   (abs)        000001
__Labs1                  abs1         000000
__Lbank0                 bank0        000000
__Lbank1                 bank1        000000
__Lbank2                 bank2        000000
__Lbank3                 bank3        000000
__Lbank4                 bank4        000000
__Lbank5                 bank5        000000
__Lbank6                 bank6        000000
__Lbank7                 bank7        000000
__Lbigbss                bigbss       000000
__Lbigdata               bigdata      000000
__Lbigram                bigram       000000
__LbitbssCOMRAM          bitbssCOMRAM 000000
__Lbss                   bss          000000
__LbssBANK0              bssBANK0     000000
__LbssCOMRAM             bssCOMRAM    000000
__Lcinit                 cinit        000000
__Lclrtext               clrtext      000000
__Lcomram                comram       000000
__Lconfig                config       300000
__Lconst                 const        000000
__LcstackBANK0           cstackBANK0  000000
__LcstackCOMRAM          cstackCOMRAM 000000
__Ldata                  data         000000
__LdataBANK0             dataBANK0    000000
__Leeprom_data           eeprom_data  000000
__Lend_init              end_init     000396
__Lfarbss                farbss       000000
__Lfardata               fardata      000000
__Libigdata              ibigdata     000000
__Lidata                 idata        000000
__LidataBANK0            idataBANK0   000000
__Lidloc                 idloc        200000
__Lifardata              ifardata     000000
__Linit                  init         000396
__Lintcode               intcode      000008
__Lintcode_body          intcode_body 000000
__Lintcodelo             intcodelo    000018
__Lintentry              intentry     000000
__Lintret                intret       000000
__Lintsave_regs          intsave_regs 000000
__Lirdata                irdata       000000
__Lmediumconst           mediumconst  000000
__LnvFARRAM              nvFARRAM     000000
__Lnvbit                 nvbit        000000
__Lnvrram                nvrram       000000
__Lparam                 rparam       000000
__Lpowerup               powerup      000396
__Lram                   ram          000000
__Lramtop                ramtop       000800
__Lrbit                  rbit         000000
__Lrbss                  rbss         000000
__Lrdata                 rdata        000000
__Lreset_vec             reset_vec    000000
__Lrparam                rparam       000000
__Lsfr                   sfr          000000
__Lsmallconst            smallconst   000800
__Lspace_0               (abs)        000000
__Lspace_1               (abs)        000000
__Lspace_2               (abs)        000000
__Lstack                 stack        000000
__Lstruct                struct       000000
__Ltemp                  temp         000044
__Ltext                  text         000000
__Ltext0                 text0        000000
__Ltext1                 text1        000000
__Ltext10                text10       000000
__Ltext11                text11       000000
__Ltext12                text12       000000
__Ltext13                text13       000000
__Ltext15                text15       000000
__Ltext16                text16       000000
__Ltext17                text17       000000
__Ltext18                text18       000000
__Ltext19                text19       000000
__Ltext2                 text2        000000
__Ltext21                text21       000000
__Ltext3                 text3        000000
__Ltext4                 text4        000000
__Ltext5                 text5        000000
__Ltext6                 text6        000000
__Ltext7                 text7        000000
__Ltext8                 text8        000000
__Ltext9                 text9        000000
__S0                     (abs)        30000E
__S1                     (abs)        000099
__S2                     (abs)        000000
___aldiv                 text19       000A64
___aldiv@counter         cstackCOMRAM 000021
___aldiv@dividend        cstackCOMRAM 000019
___aldiv@divisor         cstackCOMRAM 00001D
___aldiv@quotient        cstackCOMRAM 000023
___aldiv@sign            cstackCOMRAM 000022
___almod                 text21       000CB2
___almod@counter         cstackCOMRAM 000009
___almod@dividend        cstackCOMRAM 000001
___almod@divisor         cstackCOMRAM 000005
___almod@sign            cstackCOMRAM 00000A
___ftdiv                 text8        00080C
___ftdiv@cntr            cstackBANK0  000080
___ftdiv@exp             cstackBANK0  000084
___ftdiv@f1              cstackBANK0  000077
___ftdiv@f2              cstackBANK0  00007A
___ftdiv@f3              cstackBANK0  000081
___ftdiv@sign            cstackBANK0  000085
___ftge                  text13       000B30
___ftge@ff1              cstackBANK0  00006C
___ftge@ff2              cstackBANK0  00006F
___ftpack                text9        000958
___ftpack@arg            cstackBANK0  00006C
___ftpack@exp            cstackBANK0  00006F
___ftpack@sign           cstackBANK0  000070
___inthi_sp              stack        000000
___intlo_sp              stack        000000
___lwtoft                text7        000FFE
___lwtoft@c              cstackBANK0  000074
___param_bank            (abs)        000010
___rparam_used           (abs)        000001
___sp                    stack        000000
__accesstop              (abs)        000060
__activetblptr           (abs)        000002
__end_of_ISR_high        intcode_body 000CB2
__end_of_ISR_low         intcodelo    000396
__end_of___aldiv         text19       000B30
__end_of___almod         text21       000D5E
__end_of___ftdiv         text8        000958
__end_of___ftge          text13       000BF8
__end_of___ftpack        text9        000A64
__end_of___lwtoft        text7        001028
__end_of__initialization cinit        000F8A
__end_of_buzzer          text18       0010CC
__end_of_error           text10       000FD0
__end_of_font            smallconst   00080B
__end_of_get_temp        text6        000F0E
__end_of_main            text0        000F58
__end_of_num_to_disp     text12       000DDE
__end_of_sample_inputs   text17       0010C8
__end_of_set_LEDs        text16       0010BC
__end_of_set_digit       text11       000E5A
__end_of_setup           text1        000FFE
__end_of_setup_therm     text5        001050
__end_of_setup_timer0    text4        0010AA
__end_of_setup_timer1    text3        00108C
__end_of_setup_timer2    text2        00106E
__end_ofi1_set_digit     text15       000EC0
__initialization         cinit        000F58
__mediumconst            mediumconst  000000
__pbitbssCOMRAM          bitbssCOMRAM 000218
__pbssBANK0              bssBANK0     00008C
__pbssCOMRAM             bssCOMRAM    00003D
__pcinit                 cinit        000F58
__pcstackBANK0           cstackBANK0  000060
__pcstackCOMRAM          cstackCOMRAM 000001
__pdataBANK0             dataBANK0    000097
__pidataBANK0            idataBANK0   0010C8
__pintcode               intcode      000008
__pintcode_body          intcode_body 000BF8
__pintcodelo             intcodelo    000018
__psmallconst            smallconst   000800
__ptext0                 text0        000F0E
__ptext1                 text1        000FD0
__ptext10                text10       000F98
__ptext11                text11       000DDE
__ptext12                text12       000D5E
__ptext13                text13       000B30
__ptext15                text15       000E5A
__ptext16                text16       0010AA
__ptext17                text17       0010BC
__ptext18                text18       0010CA
__ptext19                text19       000A64
__ptext2                 text2        001050
__ptext21                text21       000CB2
__ptext3                 text3        00106E
__ptext4                 text4        00108C
__ptext5                 text5        001028
__ptext6                 text6        000EC0
__ptext7                 text7        000FFE
__ptext8                 text8        00080C
__ptext9                 text9        000958
__ramtop                 ramtop       000800
__size_of_ISR_high       (abs)        000000
__size_of_ISR_low        (abs)        000000
__size_of___aldiv        (abs)        000000
__size_of___almod        (abs)        000000
__size_of___ftdiv        (abs)        000000
__size_of___ftge         (abs)        000000
__size_of___ftpack       (abs)        000000
__size_of___lwtoft       (abs)        000000
__size_of_buzzer         (abs)        000000
__size_of_error          (abs)        000000
__size_of_get_temp       (abs)        000000
__size_of_main           (abs)        000000
__size_of_num_to_disp    (abs)        000000
__size_of_sample_inputs  (abs)        000000
__size_of_set_LEDs       (abs)        000000
__size_of_set_digit      (abs)        000000
__size_of_setup          (abs)        000000
__size_of_setup_therm    (abs)        000000
__size_of_setup_timer0   (abs)        000000
__size_of_setup_timer1   (abs)        000000
__size_of_setup_timer2   (abs)        000000
__size_ofi1_set_digit    (abs)        000000
__smallconst             smallconst   000800
_buzzer                  text18       0010CA
_cur_number              dataBANK0    000097
_disp                    bssBANK0     00008F
_error                   text10       000F98
_font                    smallconst   000801
_get_temp                text6        000EC0
_heat_mode               bssBANK0     000092
_high_hour               bssBANK0     000093
_high_temp               bssCOMRAM    000041
_low_hour                bssBANK0     000094
_low_temp                bssCOMRAM    000042
_main                    text0        000F0E
_nRBPU                   (abs)        007F8F
_num_to_disp             text12       000D5E
_power_led               bitbssCOMRAM 000218
_sample_inputs           text17       0010BC
_set_LEDs                text16       0010AA
_set_digit               text11       000DDE
_setup                   text1        000FD0
_setup_therm             text5        001028
_setup_timer0            text4        00108C
_setup_timer1            text3        00106E
_setup_timer2            text2        001050
_state                   bssBANK0     000095
_temp_cur                bssBANK0     00008C
_temp_want               bssBANK0     000096
_time                    bssCOMRAM    00003D
_timer                   bitbssCOMRAM 00021B
_timer_led               bitbssCOMRAM 000219
_unit                    bitbssCOMRAM 00021A
btemp                    temp         000044
end_of_initialization    cinit        000F8A
error@code               cstackBANK0  00006E
get_temp@temp            cstackBANK0  000089
i1_set_digit             text15       000E5A
i1set_digit@dig          cstackCOMRAM 00001A
i1set_digit@num          cstackCOMRAM 000019
int$flags                temp         000044
int_func                 intcode_body 000BF8
intlevel0                text         000000
intlevel1                text         000000
intlevel2                text         000000
intlevel3                text         000000
num_to_disp@num          cstackBANK0  00006D
num_to_disp@ret          cstackBANK0  00006C
set_LEDs@mask            cstackCOMRAM 000019
set_digit@dig            cstackBANK0  00006D
set_digit@num            cstackBANK0  00006C
stackhi                  (abs)        0007FF
stacklo                  (abs)        000099
start                    init         000396
start_initialization     cinit        000F58


FUNCTION INFORMATION:

 *************** function _main *****************
 Defined at:
		line 51 in file "main.c"
 Parameters:    Size  Location     Type
		None
 Auto vars:     Size  Location     Type
		None
 Return value:  Size  Location     Type
                  1    wreg      void 
 Registers used:
		wreg, status,2, status,0, tblptrl, tblptrh, tblptru, prodl, prodh, cstack
 Tracked objects:
		On entry : 
		On exit  : 
		Unchanged: 
 Data sizes:     COMRAM   BANK0   BANK1   BANK2   BANK3   BANK4   BANK5   BANK6   BANK7
      Params:         0       0       0       0       0       0       0       0       0
      Locals:         0       0       0       0       0       0       0       0       0
      Temps:          0       0       0       0       0       0       0       0       0
      Totals:         0       0       0       0       0       0       0       0       0
Total ram usage:        0 bytes
 Hardware stack levels required when called:    7
 This function calls:
		___ftge
		_error
		_get_temp
		_setup
 This function is called by:
		Startup code after reset
 This function uses a non-reentrant model


 *************** function _setup *****************
 Defined at:
		line 86 in file "main.c"
 Parameters:    Size  Location     Type
		None
 Auto vars:     Size  Location     Type
		None
 Return value:  Size  Location     Type
                  1    wreg      void 
 Registers used:
		wreg, status,2, cstack
 Tracked objects:
		On entry : 
		On exit  : 
		Unchanged: 
 Data sizes:     COMRAM   BANK0   BANK1   BANK2   BANK3   BANK4   BANK5   BANK6   BANK7
      Params:         0       0       0       0       0       0       0       0       0
      Locals:         0       0       0       0       0       0       0       0       0
      Temps:          0       0       0       0       0       0       0       0       0
      Totals:         0       0       0       0       0       0       0       0       0
Total ram usage:        0 bytes
 Hardware stack levels used:    1
 Hardware stack levels required when called:    5
 This function calls:
		_setup_therm
		_setup_timer0
		_setup_timer1
		_setup_timer2
 This function is called by:
		_main
 This function uses a non-reentrant model


 *************** function _setup_timer2 *****************
 Defined at:
		line 193 in file "main.c"
 Parameters:    Size  Location     Type
		None
 Auto vars:     Size  Location     Type
		None
 Return value:  Size  Location     Type
                  1    wreg      void 
 Registers used:
		wreg, status,2
 Tracked objects:
		On entry : 
		On exit  : 
		Unchanged: 
 Data sizes:     COMRAM   BANK0   BANK1   BANK2   BANK3   BANK4   BANK5   BANK6   BANK7
      Params:         0       0       0       0       0       0       0       0       0
      Locals:         0       0       0       0       0       0       0       0       0
      Temps:          0       0       0       0       0       0       0       0       0
      Totals:         0       0       0       0       0       0       0       0       0
Total ram usage:        0 bytes
 Hardware stack levels used:    1
 Hardware stack levels required when called:    4
 This function calls:
		Nothing
 This function is called by:
		_setup
 This function uses a non-reentrant model


 *************** function _setup_timer1 *****************
 Defined at:
		line 170 in file "main.c"
 Parameters:    Size  Location     Type
		None
 Auto vars:     Size  Location     Type
		None
 Return value:  Size  Location     Type
                  1    wreg      void 
 Registers used:
		wreg, status,2
 Tracked objects:
		On entry : 
		On exit  : 
		Unchanged: 
 Data sizes:     COMRAM   BANK0   BANK1   BANK2   BANK3   BANK4   BANK5   BANK6   BANK7
      Params:         0       0       0       0       0       0       0       0       0
      Locals:         0       0       0       0       0       0       0       0       0
      Temps:          0       0       0       0       0       0       0       0       0
      Totals:         0       0       0       0       0       0       0       0       0
Total ram usage:        0 bytes
 Hardware stack levels used:    1
 Hardware stack levels required when called:    4
 This function calls:
		Nothing
 This function is called by:
		_setup
 This function uses a non-reentrant model


 *************** function _setup_timer0 *****************
 Defined at:
		line 148 in file "main.c"
 Parameters:    Size  Location     Type
		None
 Auto vars:     Size  Location     Type
		None
 Return value:  Size  Location     Type
                  1    wreg      void 
 Registers used:
		wreg, status,2
 Tracked objects:
		On entry : 
		On exit  : 
		Unchanged: 
 Data sizes:     COMRAM   BANK0   BANK1   BANK2   BANK3   BANK4   BANK5   BANK6   BANK7
      Params:         0       0       0       0       0       0       0       0       0
      Locals:         0       0       0       0       0       0       0       0       0
      Temps:          0       0       0       0       0       0       0       0       0
      Totals:         0       0       0       0       0       0       0       0       0
Total ram usage:        0 bytes
 Hardware stack levels used:    1
 Hardware stack levels required when called:    4
 This function calls:
		Nothing
 This function is called by:
		_setup
 This function uses a non-reentrant model


 *************** function _setup_therm *****************
 Defined at:
		line 123 in file "main.c"
 Parameters:    Size  Location     Type
		None
 Auto vars:     Size  Location     Type
		None
 Return value:  Size  Location     Type
                  1    wreg      void 
 Registers used:
		None
 Tracked objects:
		On entry : 
		On exit  : 
		Unchanged: 
 Data sizes:     COMRAM   BANK0   BANK1   BANK2   BANK3   BANK4   BANK5   BANK6   BANK7
      Params:         0       0       0       0       0       0       0       0       0
      Locals:         0       0       0       0       0       0       0       0       0
      Temps:          0       0       0       0       0       0       0       0       0
      Totals:         0       0       0       0       0       0       0       0       0
Total ram usage:        0 bytes
 Hardware stack levels used:    1
 Hardware stack levels required when called:    4
 This function calls:
		Nothing
 This function is called by:
		_setup
 This function uses a non-reentrant model


 *************** function _get_temp *****************
 Defined at:
		line 227 in file "main.c"
 Parameters:    Size  Location     Type
		None
 Auto vars:     Size  Location     Type
  temp            3   41[BANK0 ] float 
 Return value:  Size  Location     Type
                  3   38[BANK0 ] float 
 Registers used:
		wreg, status,2, status,0, cstack
 Tracked objects:
		On entry : 
		On exit  : 
		Unchanged: 
 Data sizes:     COMRAM   BANK0   BANK1   BANK2   BANK3   BANK4   BANK5   BANK6   BANK7
      Params:         0       3       0       0       0       0       0       0       0
      Locals:         0       3       0       0       0       0       0       0       0
      Temps:          0       0       0       0       0       0       0       0       0
      Totals:         0       6       0       0       0       0       0       0       0
Total ram usage:        6 bytes
 Hardware stack levels used:    1
 Hardware stack levels required when called:    6
 This function calls:
		___ftdiv
		___lwtoft
 This function is called by:
		_main
 This function uses a non-reentrant model


 *************** function ___lwtoft *****************
 Defined at:
		line 28 in file "/opt/microchip/xc8/v1.38/sources/common/lwtoft.c"
 Parameters:    Size  Location     Type
  c               2   20[BANK0 ] unsigned int 
 Auto vars:     Size  Location     Type
		None
 Return value:  Size  Location     Type
                  3   20[BANK0 ] float 
 Registers used:
		wreg, status,2, status,0, cstack
 Tracked objects:
		On entry : 
		On exit  : 
		Unchanged: 
 Data sizes:     COMRAM   BANK0   BANK1   BANK2   BANK3   BANK4   BANK5   BANK6   BANK7
      Params:         0       3       0       0       0       0       0       0       0
      Locals:         0       0       0       0       0       0       0       0       0
      Temps:          0       0       0       0       0       0       0       0       0
      Totals:         0       3       0       0       0       0       0       0       0
Total ram usage:        3 bytes
 Hardware stack levels used:    1
 Hardware stack levels required when called:    5
 This function calls:
		___ftpack
 This function is called by:
		_get_temp
 This function uses a non-reentrant model


 *************** function ___ftdiv *****************
 Defined at:
		line 54 in file "/opt/microchip/xc8/v1.38/sources/common/ftdiv.c"
 Parameters:    Size  Location     Type
  f1              3   23[BANK0 ] float 
  f2              3   26[BANK0 ] float 
 Auto vars:     Size  Location     Type
  f3              3   33[BANK0 ] float 
  sign            1   37[BANK0 ] unsigned char 
  exp             1   36[BANK0 ] unsigned char 
  cntr            1   32[BANK0 ] unsigned char 
 Return value:  Size  Location     Type
                  3   23[BANK0 ] float 
 Registers used:
		wreg, status,2, status,0, cstack
 Tracked objects:
		On entry : 
		On exit  : 
		Unchanged: 
 Data sizes:     COMRAM   BANK0   BANK1   BANK2   BANK3   BANK4   BANK5   BANK6   BANK7
      Params:         0       6       0       0       0       0       0       0       0
      Locals:         0       6       0       0       0       0       0       0       0
      Temps:          0       3       0       0       0       0       0       0       0
      Totals:         0      15       0       0       0       0       0       0       0
Total ram usage:       15 bytes
 Hardware stack levels used:    1
 Hardware stack levels required when called:    5
 This function calls:
		___ftpack
 This function is called by:
		_get_temp
 This function uses a non-reentrant model


 *************** function ___ftpack *****************
 Defined at:
		line 62 in file "/opt/microchip/xc8/v1.38/sources/common/float.c"
 Parameters:    Size  Location     Type
  arg             3   12[BANK0 ] unsigned um
  exp             1   15[BANK0 ] unsigned char 
  sign            1   16[BANK0 ] unsigned char 
 Auto vars:     Size  Location     Type
		None
 Return value:  Size  Location     Type
                  3   12[BANK0 ] float 
 Registers used:
		wreg, status,2, status,0
 Tracked objects:
		On entry : 
		On exit  : 
		Unchanged: 
 Data sizes:     COMRAM   BANK0   BANK1   BANK2   BANK3   BANK4   BANK5   BANK6   BANK7
      Params:         0       5       0       0       0       0       0       0       0
      Locals:         0       0       0       0       0       0       0       0       0
      Temps:          0       3       0       0       0       0       0       0       0
      Totals:         0       8       0       0       0       0       0       0       0
Total ram usage:        8 bytes
 Hardware stack levels used:    1
 Hardware stack levels required when called:    4
 This function calls:
		Nothing
 This function is called by:
		___ftdiv
		___lwtoft
 This function uses a non-reentrant model


 *************** function _error *****************
 Defined at:
		line 218 in file "main.c"
 Parameters:    Size  Location     Type
  code            1    wreg     unsigned char 
 Auto vars:     Size  Location     Type
  code            1   14[BANK0 ] unsigned char 
 Return value:  Size  Location     Type
                  1    wreg      void 
 Registers used:
		wreg, status,2, status,0, tblptrl, tblptrh, tblptru, prodl, prodh, cstack
 Tracked objects:
		On entry : 
		On exit  : 
		Unchanged: 
 Data sizes:     COMRAM   BANK0   BANK1   BANK2   BANK3   BANK4   BANK5   BANK6   BANK7
      Params:         0       0       0       0       0       0       0       0       0
      Locals:         0       1       0       0       0       0       0       0       0
      Temps:          0       0       0       0       0       0       0       0       0
      Totals:         0       1       0       0       0       0       0       0       0
Total ram usage:        1 bytes
 Hardware stack levels used:    1
 Hardware stack levels required when called:    5
 This function calls:
		_num_to_disp
		_set_digit
 This function is called by:
		_main
 This function uses a non-reentrant model


 *************** function _set_digit *****************
 Defined at:
		line 278 in file "main.c"
 Parameters:    Size  Location     Type
  dig             1    wreg     unsigned char 
  num             1   12[BANK0 ] unsigned char 
 Auto vars:     Size  Location     Type
  dig             1   13[BANK0 ] unsigned char 
 Return value:  Size  Location     Type
                  1    wreg      void 
 Registers used:
		wreg, status,2
 Tracked objects:
		On entry : 
		On exit  : 
		Unchanged: 
 Data sizes:     COMRAM   BANK0   BANK1   BANK2   BANK3   BANK4   BANK5   BANK6   BANK7
      Params:         0       1       0       0       0       0       0       0       0
      Locals:         0       1       0       0       0       0       0       0       0
      Temps:          0       0       0       0       0       0       0       0       0
      Totals:         0       2       0       0       0       0       0       0       0
Total ram usage:        2 bytes
 Hardware stack levels used:    1
 Hardware stack levels required when called:    4
 This function calls:
		Nothing
 This function is called by:
		_error
 This function uses a non-reentrant model


 *************** function _num_to_disp *****************
 Defined at:
		line 258 in file "main.c"
 Parameters:    Size  Location     Type
  num             1    wreg     unsigned char 
 Auto vars:     Size  Location     Type
  num             1   13[BANK0 ] unsigned char 
  ret             1   12[BANK0 ] unsigned char 
 Return value:  Size  Location     Type
                  1    wreg      unsigned char 
 Registers used:
		wreg, status,2, status,0, tblptrl, tblptrh, tblptru, prodl, prodh
 Tracked objects:
		On entry : 
		On exit  : 
		Unchanged: 
 Data sizes:     COMRAM   BANK0   BANK1   BANK2   BANK3   BANK4   BANK5   BANK6   BANK7
      Params:         0       0       0       0       0       0       0       0       0
      Locals:         0       2       0       0       0       0       0       0       0
      Temps:          0       0       0       0       0       0       0       0       0
      Totals:         0       2       0       0       0       0       0       0       0
Total ram usage:        2 bytes
 Hardware stack levels used:    1
 Hardware stack levels required when called:    4
 This function calls:
		Nothing
 This function is called by:
		_error
 This function uses a non-reentrant model


 *************** function ___ftge *****************
 Defined at:
		line 4 in file "/opt/microchip/xc8/v1.38/sources/common/ftge.c"
 Parameters:    Size  Location     Type
  ff1             3   12[BANK0 ] float 
  ff2             3   15[BANK0 ] float 
 Auto vars:     Size  Location     Type
		None
 Return value:  Size  Location     Type
		None               void
 Registers used:
		wreg, status,2, status,0
 Tracked objects:
		On entry : 
		On exit  : 
		Unchanged: 
 Data sizes:     COMRAM   BANK0   BANK1   BANK2   BANK3   BANK4   BANK5   BANK6   BANK7
      Params:         0       6       0       0       0       0       0       0       0
      Locals:         0       0       0       0       0       0       0       0       0
      Temps:          0       3       0       0       0       0       0       0       0
      Totals:         0       9       0       0       0       0       0       0       0
Total ram usage:        9 bytes
 Hardware stack levels used:    1
 Hardware stack levels required when called:    4
 This function calls:
		Nothing
 This function is called by:
		_main
 This function uses a non-reentrant model


 *************** function _ISR_low *****************
 Defined at:
		line 317 in file "main.c"
 Parameters:    Size  Location     Type
		None
 Auto vars:     Size  Location     Type
  ins             1   11[BANK0 ] unsigned char 
  mask_leds       1    5[BANK0 ] unsigned char 
  cur             1    4[BANK0 ] enum E3760
 Return value:  Size  Location     Type
                  1    wreg      void 
 Registers used:
		wreg, fsr2l, fsr2h, status,2, status,0, cstack
 Tracked objects:
		On entry : 
		On exit  : 
		Unchanged: 
 Data sizes:     COMRAM   BANK0   BANK1   BANK2   BANK3   BANK4   BANK5   BANK6   BANK7
      Params:         0       0       0       0       0       0       0       0       0
      Locals:         0      12       0       0       0       0       0       0       0
      Temps:         22       0       0       0       0       0       0       0       0
      Totals:        22      12       0       0       0       0       0       0       0
Total ram usage:       34 bytes
 Hardware stack levels used:    1
 Hardware stack levels required when called:    3
 This function calls:
		___aldiv
		_buzzer
		_sample_inputs
		_set_LEDs
		i1_set_digit
 This function is called by:
		Interrupt level 1
 This function uses a non-reentrant model


 *************** function i1_set_digit *****************
 Defined at:
		line 278 in file "main.c"
 Parameters:    Size  Location     Type
  dig             1    wreg     unsigned char 
  num             1   24[COMRAM] unsigned char 
 Auto vars:     Size  Location     Type
  dig             1   25[COMRAM] unsigned char 
 Return value:  Size  Location     Type
                  1    wreg      void 
 Registers used:
		wreg, status,2
 Tracked objects:
		On entry : 
		On exit  : 
		Unchanged: 
 Data sizes:     COMRAM   BANK0   BANK1   BANK2   BANK3   BANK4   BANK5   BANK6   BANK7
      Params:         1       0       0       0       0       0       0       0       0
      Locals:         1       0       0       0       0       0       0       0       0
      Temps:          0       0       0       0       0       0       0       0       0
      Totals:         2       0       0       0       0       0       0       0       0
Total ram usage:        2 bytes
 Hardware stack levels used:    1
 Hardware stack levels required when called:    2
 This function calls:
		Nothing
 This function is called by:
		_ISR_low
 This function uses a non-reentrant model


 *************** function _set_LEDs *****************
 Defined at:
		line 249 in file "main.c"
 Parameters:    Size  Location     Type
  mask            1    wreg     unsigned char 
 Auto vars:     Size  Location     Type
  mask            1   24[COMRAM] unsigned char 
 Return value:  Size  Location     Type
                  1    wreg      void 
 Registers used:
		wreg, status,2
 Tracked objects:
		On entry : 
		On exit  : 
		Unchanged: 
 Data sizes:     COMRAM   BANK0   BANK1   BANK2   BANK3   BANK4   BANK5   BANK6   BANK7
      Params:         0       0       0       0       0       0       0       0       0
      Locals:         1       0       0       0       0       0       0       0       0
      Temps:          0       0       0       0       0       0       0       0       0
      Totals:         1       0       0       0       0       0       0       0       0
Total ram usage:        1 bytes
 Hardware stack levels used:    1
 Hardware stack levels required when called:    2
 This function calls:
		Nothing
 This function is called by:
		_ISR_low
 This function uses a non-reentrant model


 *************** function _sample_inputs *****************
 Defined at:
		line 238 in file "main.c"
 Parameters:    Size  Location     Type
		None
 Auto vars:     Size  Location     Type
		None
 Return value:  Size  Location     Type
                  1    wreg      unsigned char 
 Registers used:
		wreg, status,2
 Tracked objects:
		On entry : 
		On exit  : 
		Unchanged: 
 Data sizes:     COMRAM   BANK0   BANK1   BANK2   BANK3   BANK4   BANK5   BANK6   BANK7
      Params:         0       0       0       0       0       0       0       0       0
      Locals:         0       0       0       0       0       0       0       0       0
      Temps:          0       0       0       0       0       0       0       0       0
      Totals:         0       0       0       0       0       0       0       0       0
Total ram usage:        0 bytes
 Hardware stack levels used:    1
 Hardware stack levels required when called:    2
 This function calls:
		Nothing
 This function is called by:
		_ISR_low
 This function uses a non-reentrant model


 *************** function _buzzer *****************
 Defined at:
		line 297 in file "main.c"
 Parameters:    Size  Location     Type
  duration        1    wreg     unsigned char 
 Auto vars:     Size  Location     Type
  duration        1    0[COMRAM] unsigned char 
 Return value:  Size  Location     Type
                  1    wreg      void 
 Registers used:
		wreg
 Tracked objects:
		On entry : 
		On exit  : 
		Unchanged: 
 Data sizes:     COMRAM   BANK0   BANK1   BANK2   BANK3   BANK4   BANK5   BANK6   BANK7
      Params:         0       0       0       0       0       0       0       0       0
      Locals:         0       0       0       0       0       0       0       0       0
      Temps:          0       0       0       0       0       0       0       0       0
      Totals:         0       0       0       0       0       0       0       0       0
Total ram usage:        0 bytes
 Hardware stack levels used:    1
 Hardware stack levels required when called:    2
 This function calls:
		Nothing
 This function is called by:
		_ISR_low
 This function uses a non-reentrant model


 *************** function ___aldiv *****************
 Defined at:
		line 8 in file "/opt/microchip/xc8/v1.38/sources/common/aldiv.c"
 Parameters:    Size  Location     Type
  dividend        4   24[COMRAM] long 
  divisor         4   28[COMRAM] long 
 Auto vars:     Size  Location     Type
  quotient        4   34[COMRAM] long 
  sign            1   33[COMRAM] unsigned char 
  counter         1   32[COMRAM] unsigned char 
 Return value:  Size  Location     Type
                  4   24[COMRAM] long 
 Registers used:
		wreg, status,2, status,0
 Tracked objects:
		On entry : 
		On exit  : 
		Unchanged: 
 Data sizes:     COMRAM   BANK0   BANK1   BANK2   BANK3   BANK4   BANK5   BANK6   BANK7
      Params:         8       0       0       0       0       0       0       0       0
      Locals:         6       0       0       0       0       0       0       0       0
      Temps:          0       0       0       0       0       0       0       0       0
      Totals:        14       0       0       0       0       0       0       0       0
Total ram usage:       14 bytes
 Hardware stack levels used:    1
 Hardware stack levels required when called:    2
 This function calls:
		Nothing
 This function is called by:
		_ISR_low
 This function uses a non-reentrant model


 *************** function _ISR_high *****************
 Defined at:
		line 304 in file "main.c"
 Parameters:    Size  Location     Type
		None
 Auto vars:     Size  Location     Type
		None
 Return value:  Size  Location     Type
                  1    wreg      void 
 Registers used:
		wreg, status,2, status,0, cstack
 Tracked objects:
		On entry : 
		On exit  : 
		Unchanged: 
 Data sizes:     COMRAM   BANK0   BANK1   BANK2   BANK3   BANK4   BANK5   BANK6   BANK7
      Params:         0       0       0       0       0       0       0       0       0
      Locals:         0       0       0       0       0       0       0       0       0
      Temps:         14       0       0       0       0       0       0       0       0
      Totals:        14       0       0       0       0       0       0       0       0
Total ram usage:       14 bytes
 Hardware stack levels used:    1
 Hardware stack levels required when called:    1
 This function calls:
		___almod
 This function is called by:
		Interrupt level 2
 This function uses a non-reentrant model


 *************** function ___almod *****************
 Defined at:
		line 8 in file "/opt/microchip/xc8/v1.38/sources/common/almod.c"
 Parameters:    Size  Location     Type
  dividend        4    0[COMRAM] long 
  divisor         4    4[COMRAM] long 
 Auto vars:     Size  Location     Type
  sign            1    9[COMRAM] unsigned char 
  counter         1    8[COMRAM] unsigned char 
 Return value:  Size  Location     Type
                  4    0[COMRAM] long 
 Registers used:
		wreg, status,2, status,0
 Tracked objects:
		On entry : 
		On exit  : 
		Unchanged: 
 Data sizes:     COMRAM   BANK0   BANK1   BANK2   BANK3   BANK4   BANK5   BANK6   BANK7
      Params:         8       0       0       0       0       0       0       0       0
      Locals:         2       0       0       0       0       0       0       0       0
      Temps:          0       0       0       0       0       0       0       0       0
      Totals:        10       0       0       0       0       0       0       0       0
Total ram usage:       10 bytes
 Hardware stack levels used:    1
 This function calls:
		Nothing
 This function is called by:
		_ISR_high
 This function uses a non-reentrant model



MODULE INFORMATION

Module		Function		Class		Link	Load	Size
/opt/microchip/xc8/v1.38/sources/common/float.c
		___ftpack      		CODE           	0958	0000	269

/opt/microchip/xc8/v1.38/sources/common/float.c estimated size: 269

/opt/microchip/xc8/v1.38/sources/common/ftge.c
		___ftge        		CODE           	0B30	0000	201

/opt/microchip/xc8/v1.38/sources/common/ftge.c estimated size: 201

/opt/microchip/xc8/v1.38/sources/common/almod.c
		___almod       		CODE           	0CB2	0000	173

/opt/microchip/xc8/v1.38/sources/common/almod.c estimated size: 173

/opt/microchip/xc8/v1.38/sources/common/lwtoft.c
		___lwtoft      		CODE           	0FFE	0000	43

/opt/microchip/xc8/v1.38/sources/common/lwtoft.c estimated size: 43

/opt/microchip/xc8/v1.38/sources/common/ftdiv.c
		___ftdiv       		CODE           	080C	0000	333

/opt/microchip/xc8/v1.38/sources/common/ftdiv.c estimated size: 333

/opt/microchip/xc8/v1.38/sources/common/aldiv.c
		___aldiv       		CODE           	0A64	0000	205

/opt/microchip/xc8/v1.38/sources/common/aldiv.c estimated size: 205

shared
		_font          		SMALLCONST     	0801	0000	11
		__initialization		CODE           	0F58	0000	51
		i1_set_digit   		CODE           	0E5A	0000	103

shared estimated size: 165

main.c
		_num_to_disp   		CODE           	0D5E	0000	129
		_get_temp      		CODE           	0EC0	0000	79
		_ISR_high      		CODE           	0008	0000	201
		_set_LEDs      		CODE           	10AA	0000	19
		_main          		CODE           	0F0E	0000	75
		_setup_therm   		CODE           	1028	0000	41
		_setup_timer0  		CODE           	108C	0000	31
		_setup_timer1  		CODE           	106E	0000	31
		_setup_timer2  		CODE           	1050	0000	31
		_sample_inputs 		CODE           	10BC	0000	13
		_error         		CODE           	0F98	0000	57
		_setup         		CODE           	0FD0	0000	47
		_set_digit     		CODE           	0DDE	0000	125
		_buzzer        		CODE           	10CA	0000	3
		_ISR_low       		CODE           	0018	0000	895

main.c estimated size: 1777

